m4_glm_camera.cpp
m4_vulkan_core.cpp
m4_vulkan_device.cpp
m4_vulkan_glfw.cpp
m4_vulkan_pipeline.cpp
m4_vulkan_queue.cpp
m4_vulkan_shader.cpp
m4_vulkan_utils.cpp
tutorial_app.cpp
Generating Code...
